
> arquetipo-mfa-client-portal-web@1.0.0 test:jest
> jest --passWithNoTests

cmd : 
En línea: 1 Carácter: 1
+ cmd /d /c npm run test:jest 2>&1 > jest-output.txt
+ ~~~~~~~~~~~~~~~~~~~~~~~~~~~~~~~~~~~~~~~~~~~~~~~~~~
    + CategoryInfo          : NotSpecified: (:String) [], RemoteException
    + FullyQualifiedErrorId : NativeCommandError
 
            Running 'ngcc' is not required for Angular 16+ projects. This 'ngcc-jest-processor' script will be 
removed in the next major version of 'jest-preset-angular'.
            Tip: To avoid this message you can remove 'jest-preset-angular/global-setup' from your jest config
        
ts-jest[config] (WARN) [94mmessage[0m[90m TS151001: [0mIf you have issues related to imports, you should 
consider setting `esModuleInterop` to `true` in your TypeScript configuration file (usually `tsconfig.json`). See htt
ps://blogs.msdn.microsoft.com/typescript/2018/01/31/announcing-typescript-2-7/#easier-ecmascript-module-interoperabil
ity for more information.
ts-jest[config] (WARN) [94mmessage[0m[90m TS151001: [0mIf you have issues related to imports, you should 
consider setting `esModuleInterop` to `true` in your TypeScript configuration file (usually `tsconfig.json`). See htt
ps://blogs.msdn.microsoft.com/typescript/2018/01/31/announcing-typescript-2-7/#easier-ecmascript-module-interoperabil
ity for more information.
ts-jest[config] (WARN) [94mmessage[0m[90m TS151001: [0mIf you have issues related to imports, you should 
consider setting `esModuleInterop` to `true` in your TypeScript configuration file (usually `tsconfig.json`). See htt
ps://blogs.msdn.microsoft.com/typescript/2018/01/31/announcing-typescript-2-7/#easier-ecmascript-module-interoperabil
ity for more information.
ts-jest[config] (WARN) [94mmessage[0m[90m TS151001: [0mIf you have issues related to imports, you should 
consider setting `esModuleInterop` to `true` in your TypeScript configuration file (usually `tsconfig.json`). See htt
ps://blogs.msdn.microsoft.com/typescript/2018/01/31/announcing-typescript-2-7/#easier-ecmascript-module-interoperabil
ity for more information.
ts-jest[config] (WARN) [94mmessage[0m[90m TS151001: [0mIf you have issues related to imports, you should 
consider setting `esModuleInterop` to `true` in your TypeScript configuration file (usually `tsconfig.json`). See htt
ps://blogs.msdn.microsoft.com/typescript/2018/01/31/announcing-typescript-2-7/#easier-ecmascript-module-interoperabil
ity for more information.
ts-jest[config] (WARN) [94mmessage[0m[90m TS151001: [0mIf you have issues related to imports, you should 
consider setting `esModuleInterop` to `true` in your TypeScript configuration file (usually `tsconfig.json`). See htt
ps://blogs.msdn.microsoft.com/typescript/2018/01/31/announcing-typescript-2-7/#easier-ecmascript-module-interoperabil
ity for more information.
ts-jest[config] (WARN) [94mmessage[0m[90m TS151001: [0mIf you have issues related to imports, you should 
consider setting `esModuleInterop` to `true` in your TypeScript configuration file (usually `tsconfig.json`). See htt
ps://blogs.msdn.microsoft.com/typescript/2018/01/31/announcing-typescript-2-7/#easier-ecmascript-module-interoperabil
ity for more information.
FAIL src/app/core/services/api.service.spec.ts
  ÔùÅ Test suite failed to run

    [96msetup-jest.ts[0m:[93m9[0m:[93m11[0m - [91merror[0m[90m TS2304: [0mCannot find name 'global'.

    [7m9[0m const g = global as any;
    [7m [0m [91m          ~~~~~~[0m

FAIL src/test/core/services/client.service.spec.ts
  ÔùÅ Test suite failed to run

    [96msetup-jest.ts[0m:[93m9[0m:[93m11[0m - [91merror[0m[90m TS2304: [0mCannot find name 'global'.

    [7m9[0m const g = global as any;
    [7m [0m [91m          ~~~~~~[0m

FAIL src/app/core/services/client.service.spec.ts
  ÔùÅ Test suite failed to run

    [96msetup-jest.ts[0m:[93m9[0m:[93m11[0m - [91merror[0m[90m TS2304: [0mCannot find name 'global'.

    [7m9[0m const g = global as any;
    [7m [0m [91m          ~~~~~~[0m

FAIL src/test/core/services/account.service.spec.ts
  ÔùÅ Test suite failed to run

    [96msetup-jest.ts[0m:[93m9[0m:[93m11[0m - [91merror[0m[90m TS2304: [0mCannot find name 'global'.

    [7m9[0m const g = global as any;
    [7m [0m [91m          ~~~~~~[0m

FAIL src/app/shared/components/button/button.component.spec.ts
  ÔùÅ Test suite failed to run

    [96msetup-jest.ts[0m:[93m9[0m:[93m11[0m - [91merror[0m[90m TS2304: [0mCannot find name 'global'.

    [7m9[0m const g = global as any;
    [7m [0m [91m          ~~~~~~[0m

FAIL src/test/core/services/movement.service.spec.ts
  ÔùÅ Test suite failed to run

    [96msetup-jest.ts[0m:[93m9[0m:[93m11[0m - [91merror[0m[90m TS2304: [0mCannot find name 'global'.

    [7m9[0m const g = global as any;
    [7m [0m [91m          ~~~~~~[0m

FAIL src/test/features/movements/pages/movements-page/movements-page.component.spec.ts
  ÔùÅ Test suite failed to run

    [96msetup-jest.ts[0m:[93m9[0m:[93m11[0m - [91merror[0m[90m TS2304: [0mCannot find name 'global'.

    [7m9[0m const g = global as any;
    [7m [0m [91m          ~~~~~~[0m

----------|---------|----------|---------|---------|-------------------
File      | % Stmts | % Branch | % Funcs | % Lines | Uncovered Line #s 
----------|---------|----------|---------|---------|-------------------
All files |       0 |        0 |       0 |       0 |                   
----------|---------|----------|---------|---------|-------------------
Test Suites: 7 failed, 7 total
Tests:       0 total
Snapshots:   0 total
Time:        15.248 s
Ran all test suites.
